
> @mmc/web@0.1.0 typecheck C:\Users\inset\Desktop\Github\homeo-x\apps\web
> tsc --noEmit

src/features/appointments/pages/token-queue-page.tsx(128,147): error TS2322: Type 'number | null' is not assignable to type 'number'.
  Type 'null' is not assignable to type 'number'.
src/features/appointments/pages/token-queue-page.tsx(163,151): error TS2322: Type 'number | null' is not assignable to type 'number'.
  Type 'null' is not assignable to type 'number'.
src/features/appointments/pages/token-queue-page.tsx(245,143): error TS2339: Property 'regid' does not exist on type 'Appointment'.
src/features/dashboard/pages/clinic-admin-dashboard.tsx(284,39): error TS2345: Argument of type '(b: { id: number; regid: number; patientName: string; total: number; status: string; }) => JSX.Element' is not assignable to parameter of type '(value: TopBillingItem, index: number, array: TopBillingItem[]) => Element'.
  Types of parameters 'b' and 'value' are incompatible.
    Property 'regid' is missing in type 'TopBillingItem' but required in type '{ id: number; regid: number; patientName: string; total: number; status: string; }'.
src/features/dashboard/pages/clinic-admin-dashboard.tsx(285,55): error TS2552: Cannot find name 'navigate'. Did you mean 'navigator'?
src/features/dashboard/pages/clinic-admin-dashboard.tsx(349,51): error TS2552: Cannot find name 'navigate'. Did you mean 'navigator'?
src/features/dashboard/pages/clinic-admin-dashboard.tsx(398,38): error TS2552: Cannot find name 'navigate'. Did you mean 'navigator'?
src/features/dashboard/pages/doctor-dashboard.tsx(97,38): error TS2339: Property 'updatedAt' does not exist on type 'QueueItem'.
src/features/dashboard/pages/doctor-dashboard.tsx(97,70): error TS2339: Property 'createdAt' does not exist on type 'QueueItem'.
src/features/dashboard/pages/doctor-dashboard.tsx(124,81): error TS2339: Property 'patientTrend' does not exist on type '{}'.
src/features/dashboard/pages/doctor-dashboard.tsx(124,136): error TS2339: Property 'patientTrend' does not exist on type '{}'.
src/features/dashboard/pages/doctor-dashboard.tsx(125,55): error TS2339: Property 'todaysCollection' does not exist on type '{}'.
src/features/dashboard/pages/doctor-dashboard.tsx(125,114): error TS2339: Property 'revenueTrend' does not exist on type '{}'.
src/features/dashboard/pages/doctor-dashboard.tsx(125,169): error TS2339: Property 'revenueTrend' does not exist on type '{}'.
src/features/dashboard/pages/doctor-dashboard.tsx(126,52): error TS2339: Property 'collectionRate' does not exist on type '{}'.
src/features/dashboard/pages/doctor-dashboard.tsx(127,51): error TS2339: Property 'avgWaitTime' does not exist on type '{}'.
src/features/medical-case/components/ai-remedy-view.tsx(5,37): error TS2724: '"lucide-react"' has no exported member named 'NetworkLine'. Did you mean 'NetworkIcon'?
src/features/medical-case/components/ai-remedy-view.tsx(119,14): error TS18048: 'node.children' is possibly 'undefined'.
src/features/settings/hooks/use-settings.test.ts(32,19): error TS2339: Property 'mockResolvedValue' does not exist on type '<T = any, R = AxiosResponse<T, any, {}>, D = any>(url: string, config?: AxiosRequestConfig<D> | undefined) => Promise<R>'.
src/features/settings/hooks/use-settings.test.ts(33,20): error TS2339: Property 'mockResolvedValue' does not exist on type '<T = any, R = AxiosResponse<T, any, {}>, D = any>(url: string, data?: D | undefined, config?: AxiosRequestConfig<D> | undefined) => Promise<R>'.
src/features/settings/hooks/use-settings.test.ts(34,19): error TS2339: Property 'mockResolvedValue' does not exist on type '<T = any, R = AxiosResponse<T, any, {}>, D = any>(url: string, data?: D | undefined, config?: AxiosRequestConfig<D> | undefined) => Promise<R>'.
src/features/settings/hooks/use-settings.test.ts(35,22): error TS2339: Property 'mockResolvedValue' does not exist on type '<T = any, R = AxiosResponse<T, any, {}>, D = any>(url: string, config?: AxiosRequestConfig<D> | undefined) => Promise<R>'.
src/features/settings/hooks/use-settings.test.ts(36,20): error TS2339: Property 'mockReturnValue' does not exist on type '(queryClient?: QueryClient | undefined) => QueryClient'.
src/features/settings/hooks/use-settings.test.ts(43,35): error TS2339: Property 'mock' does not exist on type '{ <TQueryFnData = unknown, TError = Error, TData = TQueryFnData, TQueryKey extends QueryKey = readonly unknown[]>(options: DefinedInitialDataOptions<TQueryFnData, TError, TData, TQueryKey>, queryClient?: QueryClient | undefined): DefinedUseQueryResult<...>; <TQueryFnData = unknown, TError = Error, TData = TQueryFnDa...'.
src/features/settings/hooks/use-settings.test.ts(52,20): error TS2339: Property 'mockReturnValue' does not exist on type '(queryClient?: QueryClient | undefined) => QueryClient'.
src/features/settings/hooks/use-settings.test.ts(57,41): error TS2339: Property 'mock' does not exist on type '<TData = unknown, TError = Error, TVariables = void, TOnMutateResult = unknown>(options: UseMutationOptions<TData, TError, TVariables, TOnMutateResult>, queryClient?: QueryClient | undefined) => UseMutationResult<...>'.
src/features/settings/hooks/use-settings.test.ts(67,20): error TS2339: Property 'mockReturnValue' does not exist on type '(queryClient?: QueryClient | undefined) => QueryClient'.
src/features/settings/hooks/use-settings.test.ts(70,41): error TS2339: Property 'mock' does not exist on type '<TData = unknown, TError = Error, TVariables = void, TOnMutateResult = unknown>(options: UseMutationOptions<TData, TError, TVariables, TOnMutateResult>, queryClient?: QueryClient | undefined) => UseMutationResult<...>'.
src/features/settings/hooks/use-settings.test.ts(80,20): error TS2339: Property 'mockReturnValue' does not exist on type '(queryClient?: QueryClient | undefined) => QueryClient'.
src/features/settings/hooks/use-settings.test.ts(83,41): error TS2339: Property 'mock' does not exist on type '<TData = unknown, TError = Error, TVariables = void, TOnMutateResult = unknown>(options: UseMutationOptions<TData, TError, TVariables, TOnMutateResult>, queryClient?: QueryClient | undefined) => UseMutationResult<...>'.
src/features/settings/hooks/use-settings.test.ts(95,35): error TS2339: Property 'mock' does not exist on type '{ <TQueryFnData = unknown, TError = Error, TData = TQueryFnData, TQueryKey extends QueryKey = readonly unknown[]>(options: DefinedInitialDataOptions<TQueryFnData, TError, TData, TQueryKey>, queryClient?: QueryClient | undefined): DefinedUseQueryResult<...>; <TQueryFnData = unknown, TError = Error, TData = TQueryFnDa...'.
src/features/staff/pages/staff-form-page.tsx(232,25): error TS4111: Property 'firstname' comes from an index signature, so it must be accessed with ['firstname'].
src/features/staff/pages/staff-form-page.tsx(232,112): error TS4111: Property 'firstname' comes from an index signature, so it must be accessed with ['firstname'].
src/features/staff/pages/staff-form-page.tsx(237,25): error TS4111: Property 'surname' comes from an index signature, so it must be accessed with ['surname'].
src/features/staff/pages/staff-form-page.tsx(237,110): error TS4111: Property 'surname' comes from an index signature, so it must be accessed with ['surname'].
src/features/staff/pages/staff-form-page.tsx(244,23): error TS4111: Property 'name' comes from an index signature, so it must be accessed with ['name'].
src/features/staff/pages/staff-form-page.tsx(244,105): error TS4111: Property 'name' comes from an index signature, so it must be accessed with ['name'].
src/features/staff/pages/staff-form-page.tsx(274,23): error TS4111: Property 'mobile' comes from an index signature, so it must be accessed with ['mobile'].
src/features/staff/pages/staff-form-page.tsx(274,107): error TS4111: Property 'mobile' comes from an index signature, so it must be accessed with ['mobile'].
src/features/staff/pages/staff-form-page.tsx(286,23): error TS4111: Property 'email' comes from an index signature, so it must be accessed with ['email'].
src/features/staff/pages/staff-form-page.tsx(286,106): error TS4111: Property 'email' comes from an index signature, so it must be accessed with ['email'].
src/shared/components/command-palette.tsx(183,25): error TS2488: Type 'CommandItem[] | undefined' must have a '[Symbol.iterator]()' method that returns an iterator.
src/shared/components/command-palette.tsx(183,33): error TS4111: Property 'navigation' comes from an index signature, so it must be accessed with ['navigation'].
src/shared/components/command-palette.tsx(183,56): error TS4111: Property 'action' comes from an index signature, so it must be accessed with ['action'].
src/shared/components/command-palette.tsx(216,12): error TS18048: 'grouped.navigation' is possibly 'undefined'.
src/shared/components/command-palette.tsx(216,20): error TS4111: Property 'navigation' comes from an index signature, so it must be accessed with ['navigation'].
src/shared/components/command-palette.tsx(219,16): error TS18048: 'grouped.navigation' is possibly 'undefined'.
src/shared/components/command-palette.tsx(219,24): error TS4111: Property 'navigation' comes from an index signature, so it must be accessed with ['navigation'].
src/shared/components/command-palette.tsx(238,12): error TS18048: 'grouped.action' is possibly 'undefined'.
src/shared/components/command-palette.tsx(238,20): error TS4111: Property 'action' comes from an index signature, so it must be accessed with ['action'].
src/shared/components/command-palette.tsx(241,16): error TS18048: 'grouped.action' is possibly 'undefined'.
src/shared/components/command-palette.tsx(241,24): error TS4111: Property 'action' comes from an index signature, so it must be accessed with ['action'].
src/shared/components/sidebar.tsx(311,12): error TS2322: Type 'string | undefined' is not assignable to type 'string'.
  Type 'undefined' is not assignable to type 'string'.
C:\Users\inset\Desktop\Github\homeo-x\apps\web:
ÔÇëERR_PNPM_RECURSIVE_RUN_FIRST_FAILÔÇë @mmc/web@0.1.0 typecheck: `tsc --noEmit`
Exit status 2
